error: Type instance NoMajorType must be declared.
--> ./NoMajorType.casc